node.exe : node:intern
al/modules/cjs/loader:
1421
At line:1 char:1
+ & "C:\Program Files\
nodejs/node.exe" "C:\U
sers\User\AppData\Roam
ing\n ...
+ ~~~~~~~~~~~~~~~~~~~~
~~~~~~~~~~~~~~~~~~~~~~
~~~~~~~~~~~~~~~~~~~~~~
~~~~~
    + CategoryInfo    
          : NotSpeci  
  fied: (node:inter   
 nal/modules/cjs/l    
oader:1421:String    
) [], RemoteExcep    
tion
    + FullyQualifiedE 
   rrorId : NativeCo  
  mmandError
 
  const err = new 
Error(message);
              ^

Error: Cannot find 
module 
'../config/database'
Require stack:
- D:\wp mvp\New folder
\backend\src\modules\w
ebhook\webhook.deliver
y.ts
- D:\wp mvp\New folder
\backend\src\modules\s
ession\sessionManager.
ts
- D:\wp mvp\New folder
\backend\src\modules\s
ession\session.service
.ts
- D:\wp mvp\New folder
\backend\src\modules\s
ession\session.control
ler.ts
- D:\wp mvp\New folder
\backend\src\modules\s
ession\session.routes.
ts
- D:\wp mvp\New folder
\backend\src\app.ts
- D:\wp mvp\New folder
\backend\src\server.ts
    at node:internal/m
odules/cjs/loader:1421
:15
    at 
nextResolveSimple 
(D:\wp mvp\New folder\
backend\node_modules\t
sx\dist\register-D46fv
sV_.cjs:4:1004)
    at D:\wp mvp\New f
older\backend\node_mod
ules\tsx\dist\register
-D46fvsV_.cjs:3:2630
    at D:\wp mvp\New f
older\backend\node_mod
ules\tsx\dist\register
-D46fvsV_.cjs:3:1542
    at resolveTsPaths 
(D:\wp mvp\New folder\
backend\node_modules\t
sx\dist\register-D46fv
sV_.cjs:4:760)
    at D:\wp mvp\New f
older\backend\node_mod
ules\tsx\dist\register
-D46fvsV_.cjs:4:1102
    at 
m._resolveFilename (fi
le:///D:/wp%20mvp/New%
20folder/backend/node_
modules/tsx/dist/regis
ter-B7jrtLTO.mjs:1:789
)
    at 
defaultResolveImpl (no
de:internal/modules/cj
s/loader:1059:19)
    at resolveForCJSWi
thHooks (node:internal
/modules/cjs/loader:10
64:22)
    at Module._load (n
ode:internal/modules/c
js/loader:1227:37)
    at TracingChannel.
traceSync (node:diagno
stics_channel:328:14)
    at wrapModuleLoad 
(node:internal/modules
/cjs/loader:245:24)
    at Module.require 
(node:internal/modules
/cjs/loader:1504:12)
    at require (node:i
nternal/modules/helper
s:152:16)
    at axios (D:\wp 
mvp\New folder\backend
\src\modules\webhook\w
ebhook.delivery.ts:1:2
4)
    at 
Object.<anonymous> 
(D:\wp mvp\New folder\
backend\src\modules\we
bhook\webhook.delivery
.ts:17:23) {
  code: 
'MODULE_NOT_FOUND',
  requireStack: [
    'D:\\wp mvp\\New f
older\\backend\\src\\m
odules\\webhook\\webho
ok.delivery.ts',
    'D:\\wp mvp\\New f
older\\backend\\src\\m
odules\\session\\sessi
onManager.ts',
    'D:\\wp mvp\\New f
older\\backend\\src\\m
odules\\session\\sessi
on.service.ts',
    'D:\\wp mvp\\New f
older\\backend\\src\\m
odules\\session\\sessi
on.controller.ts',
    'D:\\wp mvp\\New f
older\\backend\\src\\m
odules\\session\\sessi
on.routes.ts',
    'D:\\wp mvp\\New f
older\\backend\\src\\a
pp.ts',
    'D:\\wp mvp\\New f
older\\backend\\src\\s
erver.ts'
  ]
}

Node.js v24.11.1
